[tuttofreddo.ec/inicio/index.html]
[backblue.gif]
[fade.gif]
[index.html]
[tuttofreddo.ec/wp-content/themes/astra/assets/css/minified/main.min05da.css]
[tuttofreddo.ec/wp-content/plugins/reviews-feed/assets/css/sbr-styles4963.css]
[tuttofreddo.ec/wp-content/plugins/instagram-feed/css/sbi-styles.min311f.css]
[tuttofreddo.ec/wp-content/plugins/agile-store-locator/public/css/init5b3c.css]
[tuttofreddo.ec/wp-content/plugins/contact-form-7/includes/css/styles5406.css]
[tuttofreddo.ec/wp-content/themes/astra/assets/css/minified/compatibility/contact-form-7-main.min05da.css]
[tuttofreddo.ec/wp-content/plugins/custom-store-locator/assets/csl-custom-style.css]
[tuttofreddo.ec/wp-content/plugins/custom-twitter-feeds/css/ctf-styles.min77e6.css]
[tuttofreddo.ec/wp-content/plugins/piotnet-addons-for-elementor/assets/css/minify/extension.min9b93.css]
[tuttofreddo.ec/wp-content/plugins/preloader-plus/assets/css/preloader-plus.min77e6.css]
[tuttofreddo.ec/wp-content/plugins/responsive-flipbook/assets/fonts/font-awesome2f91.css]
[tuttofreddo.ec/wp-content/plugins/responsive-flipbook/assets/fonts/et-icons2f91.css]
[tuttofreddo.ec/wp-content/plugins/responsive-flipbook/assets/fonts/et-line2f91.css]
[tuttofreddo.ec/wp-content/plugins/responsive-flipbook/assets/css/style.min2f91.css]
[tuttofreddo.ec/wp-content/plugins/ultimate-social-media-icons/css/sfsi-stylef71b.css]
[tuttofreddo.ec/wp-content/plugins/wpcf7-redirect/build/css/wpcf7-redirect-frontend.minb5e1.css]
[tuttofreddo.ec/wp-content/plugins/elementor/assets/lib/eicons/css/elementor-icons.min3b94.css]
[tuttofreddo.ec/wp-content/uploads/elementor/css/custom-frontend-lite.mindc3a.css]
[tuttofreddo.ec/wp-content/plugins/elementor/assets/lib/swiper/v8/css/swiper.min94a4.css]
[tuttofreddo.ec/wp-content/uploads/elementor/css/post-342761f4.css]
[tuttofreddo.ec/wp-content/uploads/elementor/css/custom-pro-frontend-lite.mindc3a.css]
[tuttofreddo.ec/wp-content/uploads/elementor/css/global11ca.css]
[tuttofreddo.ec/wp-content/uploads/elementor/css/post-3454d898.css]
[tuttofreddo.ec/wp-content/uploads/elementor/css/post-34762627.css]
[tuttofreddo.ec/wp-content/uploads/elementor/css/post-8961d6a4.css]
[tuttofreddo.ec/wp-content/uploads/elementor/css/post-376511ca.css]
[tuttofreddo.ec/wp-content/uploads/elementor/css/post-37094ae4.css]
[tuttofreddo.ec/wp-content/uploads/elementor/css/post-36384ae4.css]
[tuttofreddo.ec/wp-content/uploads/elementor/css/post-36524ae4.css]
[tuttofreddo.ec/wp-content/uploads/elementor/css/post-36584ae4.css]
[tuttofreddo.ec/wp-content/uploads/elementor/css/post-36654ae4.css]
[tuttofreddo.ec/wp-content/uploads/elementor/css/post-36714ae4.css]
[tuttofreddo.ec/wp-content/uploads/elementor/css/post-36874ae4.css]
[tuttofreddo.ec/wp-content/uploads/elementor/css/post-37004ae4.css]
[tuttofreddo.ec/wp-content/uploads/elementor/css/post-37164ae4.css]
[tuttofreddo.ec/wp-content/uploads/elementor/css/post-37664ae4.css]
[tuttofreddo.ec/wp-content/uploads/elementor/css/post-37224ae4.css]
[tuttofreddo.ec/wp-content/uploads/elementor/css/post-3728ea9a.css]
[tuttofreddo.ec/wp-content/uploads/elementor/css/post-3735ea9a.css]
[tuttofreddo.ec/wp-content/uploads/elementor/css/post-3734ea9a.css]
[tuttofreddo.ec/wp-content/uploads/elementor/css/post-3745ea9a.css]
[tuttofreddo.ec/wp-content/uploads/elementor/css/post-3746ea9a.css]
[tuttofreddo.ec/wp-content/uploads/elementor/css/post-3757bc29.css]
[tuttofreddo.ec/wp-content/uploads/elementor/css/post-3764bc29.css]
[tuttofreddo.ec/wp-content/uploads/elementor/css/post-3540bc29.css]
[tuttofreddo.ec/wp-content/plugins/cf7-conditional-fields/style431f.css]
[tuttofreddo.ec/wp-content/plugins/essential-addons-for-elementor-lite/assets/front-end/css/view/general.min9d3a.css]
[tuttofreddo.ec/wp-content/plugins/elementor/assets/lib/font-awesome/css/fontawesome.min52d5.css]
[tuttofreddo.ec/wp-content/plugins/elementor/assets/lib/font-awesome/css/brands.min52d5.css]
[tuttofreddo.ec/wp-content/plugins/elementor/assets/lib/font-awesome/css/solid.min52d5.css]
[tuttofreddo.ec/wp-content/uploads/elementor/custom-icons/icomoon/style8a54.css]
[tuttofreddo.ec/wp-includes/js/jquery/jquery.mina7a0.js]
[tuttofreddo.ec/wp-includes/js/jquery/jquery-migrate.mind617.js]
[tuttofreddo.ec/wp-content/plugins/piotnet-addons-for-elementor/assets/js/minify/extension.min9b93.js]
[tuttofreddo.ec/wp-content/plugins/preloader-plus/assets/js/preloader-plus.min77e6.js]
[tuttofreddo.ec/wp-content/plugins/responsive-flipbook/assets/js/ion.sound.min2f91.js]
[tuttofreddo.ec/wp-content/plugins/responsive-flipbook/assets/js/jquery.doubletap2f91.js]
[tuttofreddo.ec/wp-content/uploads/2023/10/cropped-Web_Isotipo-1-32x32.png]
[tuttofreddo.ec/wp-content/uploads/2023/10/cropped-Web_Isotipo-1-192x192.png]
[tuttofreddo.ec/wp-content/uploads/2023/10/cropped-Web_Isotipo-1-180x180.png]
[tuttofreddo.ec/wp-content/uploads/2023/02/Captbbbbbura.png]
[tuttofreddo.ec/wp-content/uploads/elementor/css/custom-pro-widget-nav-menu.minea9a.css]
[tuttofreddo.ec/wp-content/uploads/2023/03/log5.png]
[tuttofreddo.ec/wp-content/uploads/2023/03/portada3.png]
[tuttofreddo.ec/wp-content/uploads/2023/03/portada4.png]
[tuttofreddo.ec/wp-content/uploads/2024/02/BebidasFrias_Banner.jpg]
[tuttofreddo.ec/wp-content/uploads/2023/02/ondas3.png]
[tuttofreddo.ec/wp-content/uploads/2023/02/helado-redes-1024x1024.png]
[tuttofreddo.ec/wp-content/uploads/2023/02/hacemos-tu-dia-mas-facil.png]
[tuttofreddo.ec/wp-content/uploads/2023/02/helado-redes-768x768.png]
[tuttofreddo.ec/wp-content/uploads/2023/02/elige-el-local.png]
[tuttofreddo.ec/wp-content/uploads/2023/02/agrega-tus-productos.png]
[tuttofreddo.ec/wp-content/uploads/2023/02/confirma-tu-pedido.png]
[tuttofreddo.ec/wp-content/uploads/2023/02/disfruta-tu-orden.png]
[tuttofreddo.ec/wp-content/uploads/2023/02/nuestars-lineas-1024x233.png]
[tuttofreddo.ec/wp-content/uploads/2023/02/tut2.png]
[tuttofreddo.ec/wp-content/uploads/2023/02/tut4.png]
[tuttofreddo.ec/wp-content/uploads/2023/02/tut1.png]
[tuttofreddo.ec/wp-content/uploads/2023/02/novedades-1-1024x233.png]
[tuttofreddo.ec/wp-content/uploads/2023/02/ESTRELLA.png]
[tuttofreddo.ec/wp-content/uploads/2023/02/MANDARIA.png]
[tuttofreddo.ec/wp-content/uploads/2023/02/para-compartir-1.png]
[tuttofreddo.ec/wp-content/uploads/2023/02/slide-tutto3.png]
[tuttofreddo.ec/wp-content/uploads/2023/02/slide-tutto1.png]
[tuttofreddo.ec/wp-content/plugins/elementor-pro/assets/css/widget-carousel.min.css]
[tuttofreddo.ec/wp-content/plugins/ultimate-social-media-icons/images/icons_theme/thin/thin_facebook.png]
[tuttofreddo.ec/wp-content/plugins/ultimate-social-media-icons/images/icons_theme/thin/thin_instagram.png]
[tuttofreddo.ec/wp-content/plugins/ultimate-social-media-icons/images/icons_theme/thin/thin_whatsapp.png]
[tuttofreddo.ec/wp-content/plugins/ultimate-social-media-icons/images/icons_theme/thin/thin_tiktok.png]
[tuttofreddo.ec/wp-content/uploads/2023/03/redes1.png]
[tuttofreddo.ec/wp-content/uploads/elementor/thumbs/Logo_TuttoFreddo_Blanco-qktglil8zga00yrygpkpyz8n6148olg9hr14eise0w.png]
[tuttofreddo.ec/wp-content/uploads/elementor/css/custom-widget-icon-list.minc632.css]
[tuttofreddo.ec/wp-content/uploads/2023/10/IsotipoB.gif]
[connect.facebook.net/en_US/sdk.js]
[tuttofreddo.ec/wp-content/uploads/2023/02/Recurso-14.png]
[tuttofreddo.ec/wp-content/uploads/2023/02/Titulo-Franquicias_Angelus-1-768x461.png]
[tuttofreddo.ec/wp-content/uploads/2023/02/Titulo-Franquicias_La-Corte-1-768x461.png]
[tuttofreddo.ec/wp-content/uploads/2023/02/Titulo-Franquicias_Challuabamba-1-768x461.png]
[tuttofreddo.ec/wp-content/uploads/2023/02/Titulo-Franquicias_Mall-del-Rio-1-768x461.png]
[tuttofreddo.ec/wp-content/uploads/2023/02/Titulo-Franquicias_Puertas-del-Sol-1-768x461.png]
[tuttofreddo.ec/wp-content/uploads/2023/02/Titulo-Franquicias_Miraflores-768x461.png]
[tuttofreddo.ec/wp-content/uploads/2023/02/Titulo-Franquicias_Paseo-de-los-Canaris-300x180.png]
[tuttofreddo.ec/wp-content/uploads/2023/02/CASITAS-TUTTO-04-1024x747.png]
[tuttofreddo.ec/wp-content/uploads/2023/02/CASITAS-TUTTO-07.png]
[tuttofreddo.ec/wp-content/uploads/2023/02/CASITAS-TUTTO-07-659x1024.png]
[tuttofreddo.ec/wp-content/uploads/2023/02/CASITAS-TUTTO-03-1024x747.png]
[tuttofreddo.ec/wp-content/uploads/2023/02/CASITAS-TUTTO-09-1-1024x699.png]
[tuttofreddo.ec/wp-content/uploads/2023/02/CASITAS-TUTTO-11-1024x699.png]
[tuttofreddo.ec/wp-content/uploads/2023/02/CASITAS-TUTTO-02.png]
[tuttofreddo.ec/wp-content/plugins/elementor/assets/lib/e-gallery/css/e-gallery.min7359.css]
[tuttofreddo.ec/wp-content/plugins/essential-addons-for-elementor-lite/assets/front-end/css/view/scroll-to-top.min9d3a.css]
[tuttofreddo.ec/wp-content/uploads/elementor/css/post-35334150.css]
[tuttofreddo.ec/wp-content/plugins/elementor/assets/lib/animations/animations.minf416.css]
[tuttofreddo.ec/wp-content/themes/astra/assets/js/minified/frontend.min05da.js]
[tuttofreddo.ec/wp-includes/js/dist/vendor/regenerator-runtime.min3937.js]
[tuttofreddo.ec/wp-includes/js/dist/vendor/wp-polyfill.min2c7c.js]
[tuttofreddo.ec/wp-content/plugins/contact-form-7/includes/js/index5406.js]
[tuttofreddo.ec/wp-content/plugins/custom-store-locator/assets/markerclusterer.js]
[tuttofreddo.ec/wp-content/plugins/custom-store-locator/assets/csl-map-functions.js]
[tuttofreddo.ec/wp-includes/js/jquery/ui/core.min3f14.js]
[tuttofreddo.ec/wp-content/plugins/ultimate-social-media-icons/js/shuffle/modernizr.custom.minb5e1.js]
[tuttofreddo.ec/wp-content/plugins/ultimate-social-media-icons/js/shuffle/jquery.shuffle.minb5e1.js]
[tuttofreddo.ec/wp-content/plugins/ultimate-social-media-icons/js/shuffle/random-shuffle-minb5e1.js]
[tuttofreddo.ec/wp-content/plugins/ultimate-social-media-icons/js/customf71b.js]
[tuttofreddo.ec/wp-content/plugins/wpcf7-redirect/build/js/wpcf7r-fe4963.js]
[tuttofreddo.ec/wp-content/plugins/cf7-conditional-fields/js/scripts431f.js]
[tuttofreddo.ec/wp-content/plugins/essential-addons-for-elementor-lite/assets/front-end/js/view/general.min9d3a.js]
[tuttofreddo.ec/wp-content/plugins/elementor-pro/assets/lib/smartmenus/jquery.smartmenus.minf269.js]
[tuttofreddo.ec/wp-content/plugins/elementor/assets/lib/e-gallery/js/e-gallery.min7359.js]
[tuttofreddo.ec/wp-includes/js/imagesloaded.mineda1.js]
[tuttofreddo.ec/wp-content/plugins/essential-addons-for-elementor-lite/assets/front-end/js/view/scroll-to-top.min9d3a.js]
[tuttofreddo.ec/wp-content/plugins/elementor-pro/assets/js/webpack-pro.runtime.mina767.js]
[tuttofreddo.ec/wp-content/plugins/elementor/assets/js/webpack.runtime.minf416.js]
[tuttofreddo.ec/wp-content/plugins/elementor/assets/js/frontend-modules.minf416.js]
[tuttofreddo.ec/wp-includes/js/dist/hooks.min6c65.js]
[tuttofreddo.ec/wp-includes/js/dist/i18n.mine57b.js]
[tuttofreddo.ec/wp-content/plugins/elementor-pro/assets/js/frontend.mina767.js]
[tuttofreddo.ec/wp-content/plugins/elementor/assets/lib/waypoints/waypoints.min05da.js]
[tuttofreddo.ec/wp-content/plugins/elementor/assets/js/frontend.minf416.js]
[tuttofreddo.ec/inicio/index.html]
[tuttofreddo.ec/wp-content/themes/astra/assets/css/minified/main.min05da.css]
[tuttofreddo.ec/wp-content/plugins/elementor-pro/assets/js/elements-handlers.mina767.js]
[tuttofreddo.ec/wp-content/plugins/reviews-feed/assets/images/sprite.png]
[tuttofreddo.ec/wp-content/plugins/reviews-feed/assets/images/close.png]
[tuttofreddo.ec/wp-content/plugins/reviews-feed/assets/css/sbr-styles4963.css]
[tuttofreddo.ec/wp-content/plugins/instagram-feed/img/sbi-sprite.png]
[tuttofreddo.ec/wp-content/plugins/instagram-feed/css/sbi-styles.min311f.css]
[tuttofreddo.ec/wp-content/plugins/agile-store-locator/public/css/init5b3c.css]
[tuttofreddo.ec/wp-content/plugins/contact-form-7/includes/css/styles5406.css]
[tuttofreddo.ec/wp-content/themes/astra/assets/css/minified/compatibility/contact-form-7-main.min05da.css]
[tuttofreddo.ec/wp-content/plugins/custom-store-locator/assets/images/pin.png]
[tuttofreddo.ec/wp-content/plugins/custom-store-locator/assets/csl-custom-style.css]
[tuttofreddo.ec/wp-content/plugins/custom-twitter-feeds/css/ctf-styles.min77e6.css]
[tuttofreddo.ec/wp-content/plugins/piotnet-addons-for-elementor/assets/css/minify/extension.min9b93.css]
[tuttofreddo.ec/wp-content/plugins/preloader-plus/assets/css/preloader-plus.min77e6.css]
[tuttofreddo.ec/wp-content/plugins/responsive-flipbook/assets/fonts/font-awesome78ce.eot]
[tuttofreddo.ec/wp-content/plugins/responsive-flipbook/assets/fonts/font-awesomed41d.eot]
[tuttofreddo.ec/wp-content/plugins/responsive-flipbook/assets/fonts/font-awesome78ce.woff]
[tuttofreddo.ec/wp-content/plugins/responsive-flipbook/assets/fonts/font-awesome78ce.ttf]
[tuttofreddo.ec/wp-content/plugins/responsive-flipbook/assets/fonts/font-awesome2f91.css]
[tuttofreddo.ec/wp-content/plugins/responsive-flipbook/assets/fonts/et-iconsc619.eot]
[tuttofreddo.ec/wp-content/plugins/responsive-flipbook/assets/fonts/et-iconsd41d.eot]
[tuttofreddo.ec/wp-content/plugins/responsive-flipbook/assets/fonts/et-iconsc619.woff]
[tuttofreddo.ec/wp-content/plugins/responsive-flipbook/assets/fonts/et-iconsc619.ttf]
[tuttofreddo.ec/wp-content/plugins/responsive-flipbook/assets/fonts/et-icons2f91.css]
[tuttofreddo.ec/wp-content/plugins/responsive-flipbook/assets/fonts/et-linec619.eot]
[tuttofreddo.ec/wp-content/plugins/responsive-flipbook/assets/fonts/et-lined41d.eot]
[tuttofreddo.ec/wp-content/plugins/responsive-flipbook/assets/fonts/et-linec619.woff]
[tuttofreddo.ec/wp-content/plugins/responsive-flipbook/assets/fonts/et-linec619.ttf]
[tuttofreddo.ec/wp-content/plugins/responsive-flipbook/assets/fonts/et-line2f91.css]
[tuttofreddo.ec/wp-content/plugins/responsive-flipbook/assets/images/inner-shadow-left.png]
[tuttofreddo.ec/wp-content/plugins/responsive-flipbook/assets/images/inner-shadow-right.png]
[tuttofreddo.ec/wp-content/plugins/responsive-flipbook/assets/images/page-curve-shadow.png]
[tuttofreddo.ec/wp-content/plugins/responsive-flipbook/assets/images/zoom-overlay.png]
[tuttofreddo.ec/wp-content/plugins/responsive-flipbook/assets/images/shadow-big.png]
[tuttofreddo.ec/wp-content/plugins/responsive-flipbook/assets/images/ui/mobile/icon-prev.png]
[tuttofreddo.ec/wp-content/plugins/responsive-flipbook/assets/images/ui/mobile/icon-next.png]
[tuttofreddo.ec/wp-content/plugins/responsive-flipbook/assets/images/wood-light.jpg]
[tuttofreddo.ec/wp-content/plugins/responsive-flipbook/assets/images/wood-dark.jpg]
[tuttofreddo.ec/wp-content/plugins/responsive-flipbook/assets/css/style.min2f91.css]
[tuttofreddo.ec/wp-content/plugins/ultimate-social-media-icons/css/fonts/helvetica_bold_0-webfont.eot]
[tuttofreddo.ec/wp-content/plugins/ultimate-social-media-icons/css/fonts/helvetica_bold_0-webfontd41d.eot]
[tuttofreddo.ec/wp-content/plugins/ultimate-social-media-icons/css/fonts/helvetica_bold_0-webfont.woff]
[tuttofreddo.ec/wp-content/plugins/ultimate-social-media-icons/css/fonts/helvetica_bold_0-webfont.ttf]
[tuttofreddo.ec/wp-content/plugins/ultimate-social-media-icons/css/fonts/helvetica_0-webfont.eot]
[tuttofreddo.ec/wp-content/plugins/ultimate-social-media-icons/css/fonts/helvetica_0-webfontd41d.eot]
[tuttofreddo.ec/wp-content/plugins/ultimate-social-media-icons/css/fonts/helvetica_0-webfont.woff]
[tuttofreddo.ec/wp-content/plugins/ultimate-social-media-icons/css/fonts/helvetica_0-webfont.ttf]
[tuttofreddo.ec/wp-content/plugins/ultimate-social-media-icons/css/fonts/helveticaneue-light.eot]
[tuttofreddo.ec/wp-content/plugins/ultimate-social-media-icons/css/fonts/helveticaneue-lightd41d.eot]
[tuttofreddo.ec/wp-content/plugins/ultimate-social-media-icons/css/fonts/helveticaneue-light.woff]
[tuttofreddo.ec/wp-content/plugins/ultimate-social-media-icons/css/fonts/helveticaneue-light.ttf]
[tuttofreddo.ec/wp-content/plugins/ultimate-social-media-icons/images/count_bg.png]
[tuttofreddo.ec/wp-content/plugins/ultimate-social-media-icons/images/check_bg.jpg]
[tuttofreddo.ec/wp-content/plugins/ultimate-social-media-icons/images/radio_bg.png]
[tuttofreddo.ec/wp-content/plugins/ultimate-social-media-icons/images/select_bg.jpg]
[tuttofreddo.ec/wp-content/plugins/ultimate-social-media-icons/images/count_bg.jpg]
[tuttofreddo.ec/wp-content/plugins/ultimate-social-media-icons/images/select_bg1.jpg]
[tuttofreddo.ec/wp-content/plugins/ultimate-social-media-icons/images/tab_3_list_bg.jpg]
[tuttofreddo.ec/wp-content/plugins/ultimate-social-media-icons/images/ajax-loader.gif]
[tuttofreddo.ec/wp-content/plugins/ultimate-social-media-icons/images/bot_tip_icn.png]
[tuttofreddo.ec/wp-content/plugins/ultimate-social-media-icons/css/images/count_top_arow.png]
[tuttofreddo.ec/wp-content/plugins/ultimate-social-media-icons/css/images/count_left_arow.png]
[tuttofreddo.ec/wp-content/plugins/ultimate-social-media-icons/css/sfsi-stylef71b.css]
[tuttofreddo.ec/wp-content/plugins/wpcf7-redirect/build/css/wpcf7-redirect-frontend.minb5e1.css]
[tuttofreddo.ec/wp-content/plugins/elementor/assets/lib/eicons/css/elementor-icons.min3b94.css]
[tuttofreddo.ec/wp-content/uploads/elementor/css/custom-frontend-lite.mindc3a.css]
[tuttofreddo.ec/wp-content/plugins/elementor/assets/lib/swiper/v8/css/swiper.min94a4.css]
[tuttofreddo.ec/wp-content/uploads/elementor/css/post-342761f4.css]
[tuttofreddo.ec/wp-content/uploads/elementor/css/custom-pro-frontend-lite.mindc3a.css]
[tuttofreddo.ec/wp-content/uploads/elementor/css/global11ca.css]
[tuttofreddo.ec/wp-content/uploads/2023/02/fondo-muro.png]
[tuttofreddo.ec/wp-content/uploads/2023/03/separadorondas.png]
[tuttofreddo.ec/wp-content/uploads/2023/02/fondo-ilustraciones2.jpg]
[tuttofreddo.ec/wp-content/uploads/elementor/css/post-3454d898.css]
[tuttofreddo.ec/wp-content/uploads/elementor/css/post-34762627.css]
[tuttofreddo.ec/wp-content/uploads/elementor/css/post-8961d6a4.css]
[tuttofreddo.ec/wp-content/uploads/elementor/css/post-376511ca.css]
[tuttofreddo.ec/wp-content/uploads/elementor/css/post-37094ae4.css]
[tuttofreddo.ec/wp-content/uploads/elementor/css/post-36384ae4.css]
[tuttofreddo.ec/wp-content/uploads/elementor/css/post-36524ae4.css]
[tuttofreddo.ec/wp-content/uploads/elementor/css/post-36584ae4.css]
[tuttofreddo.ec/wp-content/uploads/elementor/css/post-36654ae4.css]
[tuttofreddo.ec/wp-content/uploads/elementor/css/post-36714ae4.css]
[tuttofreddo.ec/wp-content/uploads/elementor/css/post-36874ae4.css]
[tuttofreddo.ec/wp-content/uploads/elementor/css/post-37004ae4.css]
[tuttofreddo.ec/wp-content/uploads/elementor/css/post-37164ae4.css]
[tuttofreddo.ec/wp-content/uploads/elementor/css/post-37664ae4.css]
[tuttofreddo.ec/wp-content/uploads/elementor/css/post-37224ae4.css]
[tuttofreddo.ec/wp-content/uploads/elementor/css/post-3728ea9a.css]
[tuttofreddo.ec/wp-content/uploads/elementor/css/post-3735ea9a.css]
[tuttofreddo.ec/wp-content/uploads/elementor/css/post-3734ea9a.css]
[tuttofreddo.ec/wp-content/uploads/elementor/css/post-3745ea9a.css]
[tuttofreddo.ec/wp-content/uploads/elementor/css/post-3746ea9a.css]
[tuttofreddo.ec/wp-content/uploads/elementor/css/post-3757bc29.css]
[tuttofreddo.ec/wp-content/uploads/elementor/css/post-3764bc29.css]
[tuttofreddo.ec/wp-content/uploads/elementor/css/post-3540bc29.css]
[tuttofreddo.ec/wp-content/plugins/cf7-conditional-fields/style431f.css]
[tuttofreddo.ec/wp-content/plugins/essential-addons-for-elementor-lite/assets/front-end/css/view/general.min9d3a.css]
[tuttofreddo.ec/wp-content/plugins/elementor/assets/lib/font-awesome/css/fontawesome.min52d5.css]
[tuttofreddo.ec/wp-content/plugins/elementor/assets/lib/font-awesome/css/brands.min52d5.css]
[tuttofreddo.ec/wp-content/plugins/elementor/assets/lib/font-awesome/css/solid.min52d5.css]
[tuttofreddo.ec/wp-content/uploads/elementor/custom-icons/icomoon/fonts/icomoon083f.eot]
[tuttofreddo.ec/wp-content/uploads/elementor/custom-icons/icomoon/fonts/icomoon083f.ttf]
[tuttofreddo.ec/wp-content/uploads/elementor/custom-icons/icomoon/fonts/icomoon083f.woff]
[tuttofreddo.ec/wp-content/uploads/elementor/custom-icons/icomoon/style8a54.css]
[tuttofreddo.ec/wp-content/plugins/custom-store-locator/assets/csl-custom-script.js]
[tuttofreddo.ec/wp-content/uploads/elementor/css/custom-pro-widget-nav-menu.minea9a.css]
[tuttofreddo.ec/wp-content/plugins/elementor-pro/assets/css/widget-carousel.min.css]
[tuttofreddo.ec/wp-content/uploads/elementor/css/custom-widget-icon-list.minc632.css]
[connect.facebook.net/en_US/sdk.js]
[tuttofreddo.ec/wp-content/plugins/elementor/assets/lib/e-gallery/css/e-gallery.min7359.css]
[tuttofreddo.ec/wp-content/plugins/essential-addons-for-elementor-lite/assets/front-end/css/view/scroll-to-top.min9d3a.css]
[tuttofreddo.ec/wp-content/uploads/elementor/css/post-35334150.css]
[tuttofreddo.ec/wp-content/plugins/elementor/assets/lib/animations/animations.minf416.css]
[tuttofreddo.ec/wp-content/plugins/custom-store-locator/assets/images/select_arrow.svg]
[tuttofreddo.ec/wp-content/plugins/responsive-flipbook/assets/fonts/font-awesome78ce.svg]
[tuttofreddo.ec/wp-content/plugins/responsive-flipbook/assets/fonts/et-iconsc619.svg]
[tuttofreddo.ec/wp-content/plugins/responsive-flipbook/assets/fonts/et-line.svg]
[tuttofreddo.ec/wp-content/plugins/ultimate-social-media-icons/css/fonts/helvetica_bold_0-webfont.svg]
[tuttofreddo.ec/wp-content/plugins/ultimate-social-media-icons/css/fonts/helvetica_0-webfont.svg]
[tuttofreddo.ec/wp-content/plugins/ultimate-social-media-icons/css/fonts/helveticaneue-light.svg]
[tuttofreddo.ec/wp-content/uploads/elementor/custom-icons/icomoon/fonts/icomoon083f.svg]
